// Jest Snapshot v1, https://goo.gl/fbAQLP

exports[`[SwitchToggle] should render without crashing 1`] = `
<View
  accessible={true}
  isTVSelectable={true}
  onResponderGrant={[Function]}
  onResponderMove={[Function]}
  onResponderRelease={[Function]}
  onResponderTerminate={[Function]}
  onResponderTerminationRequest={[Function]}
  onStartShouldSetResponder={[Function]}
  style={
    Object {
      "opacity": 1,
    }
  }
>
  <View
    style={
      Object {
        "alignItems": "center",
        "backgroundColor": "rgba(62, 126, 255, 1)",
        "borderRadius": 10.9,
        "flexDirection": "row",
        "height": 21.7,
        "marginRight": 21,
        "padding": 1.1,
        "width": 40,
      }
    }
  >
    <View>
      <Text />
    </View>
    <View
      style={
        Object {
          "backgroundColor": "rgba(255, 255, 255, 1)",
          "borderRadius": 100,
          "height": 19.6,
          "transform": Array [
            Object {
              "translateX": 18.2,
            },
          ],
          "width": 19.6,
        }
      }
    >
      <View>
        <Text />
      </View>
    </View>
    <View>
      <Text />
    </View>
  </View>
</View>
`;
