// Jest Snapshot v1, https://goo.gl/fbAQLP

exports[`[Temp] render renders without crashing 1`] = `
<View
  style={
    Array [
      Object {
        "alignItems": "center",
        "backgroundColor": "#f9fafb",
        "flexBasis": 0,
        "flexDirection": "row",
        "flexGrow": 1,
        "flexShrink": 1,
        "justifyContent": "center",
      },
    ]
  }
>
  <Text
    style={
      Object {
        "color": "rgba(255,255,255,07)",
        "fontSize": 20,
      }
    }
  >
    <View
      style={
        Array [
          Object {
            "alignItems": "center",
            "alignSelf": "center",
            "backgroundColor": "#023059",
            "borderColor": "#023059",
            "borderRadius": 4,
            "borderWidth": 2,
            "height": 52,
            "justifyContent": "center",
            "width": 320,
          },
          Object {
            "backgroundColor": "#333333",
          },
        ]
      }
    >
      <Text
        style={
          Array [
            Object {
              "color": "#000000",
              "fontSize": 14,
            },
          ]
        }
      >
        Go Back
      </Text>
    </View>
  </View>
</View>
`;
